
=== Thu Oct 30 03:18:09 2025

Packages were changed.
Update Mode: updateDependencies

The following packages were added:
  com.unity.2d.sprite@1.0.0
  com.unity.2d.tilemap@1.0.0
  com.unity.ads@4.4.2
  com.unity.analytics@3.8.1
  com.unity.purchasing@4.12.2
  com.unity.xr.legacyinputhelpers@2.1.12
  com.unity.ai.navigation@2.0.9
  com.unity.modules.accessibility@1.0.0
  com.unity.multiplayer.center@1.0.0
The following packages were updated:
  com.unity.cinemachine from version 2.6.4 to 2.10.4
  com.unity.collab-proxy from version 1.5.7 to 2.10.0
  com.unity.connect.share from version 4.1.1 to 4.2.3
  com.unity.ide.rider from version 2.0.7 to 3.0.38
  com.unity.ide.visualstudio from version 2.0.8 to 2.0.25
  com.unity.learn.iet-framework from version 1.2.3 to 5.0.2
  com.unity.postprocessing from version 3.1.0 to 3.5.0
  com.unity.test-framework from version 1.1.24 to 1.6.0
  com.unity.timeline from version 1.4.8 to 1.8.9
  com.unity.ugui from version 1.0.0 to 2.0.0
The following packages were removed:
  com.unity.textmeshpro@3.0.6
